
---------- Module Resource Usage Distribution Estimates (begin) ----------

+------------------------------------------+--------------+--------+------+------------+-----------------+-----------+------------------+-----------+------------------+----------+-----------------+-----------+
|                inst_name                 |     xlr      |  mem   | dsp  |  xlr_lut4  | xlr_lut4_and_ff | xlr_comb4 | xlr_comb4_and_ff | xlr_adder | xlr_adder_and_ff | xlr_srl8 | xlr_srl8_and_ff |  xlr_ff   |
+------------------------------------------+--------------+--------+------+------------+-----------------+-----------+------------------+-----------+------------------+----------+-----------------+-----------+
| +phase_camera_display_official_waveshare | 10350(241.5) | 229(0) | 0(0) |  6247(15)  |    613(1.5)     |   0(0)    |       0(0)       |  681(0)   |      458(5)      |   0(0)   |      0(0)       | 2351(220) |
|  +u_button_sync                          |   129(129)   |  0(0)  | 0(0) |   23(23)   |     51(51)      |   0(0)    |       0(0)       |  46(46)   |       0(0)       |   0(0)   |      0(0)       |   9(9)    |
|  +u_camera                               |  1235.5(1)   |  0(0)  | 0(0) |   726(1)   |    196.5(0)     |   0(0)    |       0(0)       |  152(0)   |      52(0)       |   0(0)   |      0(0)       |  109(0)   |
|   +u_dvp_capture                         |    99(99)    |  0(0)  | 0(0) |    9(9)    |     28(28)      |   0(0)    |       0(0)       |  17(17)   |       0(0)       |   0(0)   |      0(0)       |  45(45)   |
|   +u_frame_monitor                       | 258.5(258.5) |  0(0)  | 0(0) |   28(28)   |   67.5(67.5)    |   0(0)    |       0(0)       | 128(128)  |      31(31)      |   0(0)   |      0(0)       |   4(4)    |
|   +u_init_controller                     | 396.5(396.5) |  0(0)  | 0(0) |  311(311)  |   61.5(61.5)    |   0(0)    |       0(0)       |   0(0)    |       0(0)       |   0(0)   |      0(0)       |  24(24)   |
|   +u_init_rom                            |   265(69)    |  0(0)  | 0(0) |  261(68)   |      4(1)       |   0(0)    |       0(0)       |   0(0)    |       0(0)       |   0(0)   |      0(0)       |   0(0)    |
|    +u_official_table                     |   196(196)   |  0(0)  | 0(0) |  193(193)  |      3(3)       |   0(0)    |       0(0)       |   0(0)    |       0(0)       |   0(0)   |      0(0)       |   0(0)    |
|   +u_pclk_reset_sync                     |     3(3)     |  0(0)  | 0(0) |    0(0)    |      0(0)       |   0(0)    |       0(0)       |   0(0)    |       0(0)       |   0(0)   |      0(0)       |   3(3)    |
|   +u_power_seq                           |    38(38)    |  0(0)  | 0(0) |   14(14)   |      0(0)       |   0(0)    |       0(0)       |   0(0)    |      21(21)      |   0(0)   |      0(0)       |   3(3)    |
|   +u_sccb_master                         | 171.5(171.5) |  0(0)  | 0(0) |  102(102)  |   35.5(35.5)    |   0(0)    |       0(0)       |   7(7)    |       0(0)       |   0(0)   |      0(0)       |  27(27)   |
|   +u_sys_reset_sync                      |     3(3)     |  0(0)  | 0(0) |    0(0)    |      0(0)       |   0(0)    |       0(0)       |   0(0)    |       0(0)       |   0(0)   |      0(0)       |   3(3)    |
|  +u_edge_full_frame                      |   715(715)   |  0(0)  | 0(0) |  323(323)  |     43(43)      |   0(0)    |       0(0)       |   6(6)    |       0(0)       |   0(0)   |      0(0)       | 343(343)  |
|  +u_edge_preview_2x2_or                  |  1004(1004)  |  0(0)  | 0(0) |  624(624)  |     24(24)      |   0(0)    |       0(0)       |  17(17)   |       0(0)       |   0(0)   |      0(0)       | 339(339)  |
|  +u_fast_reset                           |     3(3)     |  0(0)  | 0(0) |    0(0)    |      0(0)       |   0(0)    |       0(0)       |   0(0)    |       0(0)       |   0(0)   |      0(0)       |   3(3)    |
|  +u_feedback_reset                       |     3(3)     |  0(0)  | 0(0) |    0(0)    |      0(0)       |   0(0)    |       0(0)       |   0(0)    |       0(0)       |   0(0)   |      0(0)       |   3(3)    |
|  +u_framebuffer                          |  787.5(430)  | 225(0) | 0(0) |  454(100)  |   62.5(62.5)    |   0(0)    |       0(0)       | 104(104)  |    100(96.5)     |   0(0)   |      0(0)       |  67(67)   |
|   +u_frame0                              | 191.5(191.5) | 75(75) | 0(0) |  188(188)  |      0(0)       |   0(0)    |       0(0)       |   0(0)    |     3.5(3.5)     |   0(0)   |      0(0)       |   0(0)    |
|   +u_frame1                              |    83(83)    | 75(75) | 0(0) |   83(83)   |      0(0)       |   0(0)    |       0(0)       |   0(0)    |       0(0)       |   0(0)   |      0(0)       |   0(0)    |
|   +u_frame2                              |    83(83)    | 75(75) | 0(0) |   83(83)   |      0(0)       |   0(0)    |       0(0)       |   0(0)    |       0(0)       |   0(0)   |      0(0)       |   0(0)    |
|  +u_frame_counter_overlay                |     8(8)     |  0(0)  | 0(0) |    0(0)    |      0(0)       |   0(0)    |       0(0)       |   3(3)    |       5(5)       |   0(0)   |      0(0)       |   0(0)    |
|  +u_frame_diag_cdc                       |    29(29)    |  0(0)  | 0(0) |    1(1)    |      0(0)       |   0(0)    |       0(0)       |   0(0)    |       0(0)       |   0(0)   |      0(0)       |  28(28)   |
|  +u_frame_event_counters                 | 432.5(432.5) |  0(0)  | 0(0) |   46(46)   |    1.5(1.5)     |   0(0)    |       0(0)       |   0(0)    |     124(124)     |   0(0)   |      0(0)       | 261(261)  |
|  +u_gray_preview_2x2_mean                |   145(145)   |  1(1)  | 0(0) |   32(32)   |     31(31)      |   0(0)    |       0(0)       |  27(27)   |       9(9)       |   0(0)   |      0(0)       |  46(46)   |
|  +u_gray_window_3x3                      |   294(219)   |  2(0)  | 0(0) |   44(9)    |     52(52)      |   0(0)    |       0(0)       |   9(4)    |      48(17)      |   0(0)   |      0(0)       | 141(137)  |
|   +u_line_y_minus_1                      |    35(35)    |  1(1)  | 0(0) |   15(15)   |      0(0)       |   0(0)    |       0(0)       |   5(5)    |      13(13)      |   0(0)   |      0(0)       |   2(2)    |
|   +u_line_y_minus_2                      |    40(40)    |  1(1)  | 0(0) |   20(20)   |      0(0)       |   0(0)    |       0(0)       |   0(0)    |      18(18)      |   0(0)   |      0(0)       |   2(2)    |
|  +u_pixel_reset                          |     3(3)     |  0(0)  | 0(0) |    0(0)    |      0(0)       |   0(0)    |       0(0)       |   0(0)    |       0(0)       |   0(0)   |      0(0)       |   3(3)    |
|  +u_preview_pair_aligner                 | 227.5(227.5) |  1(1)  | 0(0) |   68(68)   |   48.5(48.5)    |   0(0)    |       0(0)       |  42(42)   |      18(18)      |   0(0)   |      0(0)       |  51(51)   |
|  +u_rgb565_to_gray8                      | 192.5(192.5) |  0(0)  | 0(0) |    2(2)    |    8.5(8.5)     |   0(0)    |       0(0)       |  94(94)   |      38(38)      |   0(0)   |      0(0)       |  50(50)   |
|  +u_sobel_threshold                      |   206(206)   |  0(0)  | 0(0) |   40(40)   |      3(3)       |   0(0)    |       0(0)       |  93(93)   |      24(24)      |   0(0)   |      0(0)       |  46(46)   |
|  +u_stability_count_cdc                  |   581(581)   |  0(0)  | 0(0) |    1(1)    |      0(0)       |   0(0)    |       0(0)       |   0(0)    |       0(0)       |   0(0)   |      0(0)       | 580(580)  |
|  +u_threshold_control                    |    46(46)    |  0(0)  | 0(0) |   23(23)   |      8(8)       |   0(0)    |       0(0)       |  14(14)   |       0(0)       |   0(0)   |      0(0)       |   1(1)    |
|  +u_threshold_to_pclk                    |    28(28)    |  0(0)  | 0(0) |    1(1)    |      0(0)       |   0(0)    |       0(0)       |   0(0)    |       0(0)       |   0(0)   |      0(0)       |  27(27)   |
|  +u_timing                               |    54(54)    |  0(0)  | 0(0) |   16(16)   |     13(13)      |   0(0)    |       0(0)       |   8(8)    |      14(14)      |   0(0)   |      0(0)       |   3(3)    |
|  +u_tmds_blue                            |   516(516)   |  0(0)  | 0(0) |  454(454)  |     30(30)      |   0(0)    |       0(0)       |  17(17)   |      12(12)      |   0(0)   |      0(0)       |   3(3)    |
|  +u_tmds_green                           |   480(480)   |  0(0)  | 0(0) |  424(424)  |     21(21)      |   0(0)    |       0(0)       |  22(22)   |       7(7)       |   0(0)   |      0(0)       |   6(6)    |
|  +u_tmds_red                             |  2989(2989)  |  0(0)  | 0(0) | 2930(2930) |     18(18)      |   0(0)    |       0(0)       |  27(27)   |       2(2)       |   0(0)   |      0(0)       |  12(12)   |
+------------------------------------------+--------------+--------+------+------------+-----------------+-----------+------------------+-----------+------------------+----------+-----------------+-----------+

----------- Module Resource Usage Distribution Estimates (end) ----------

