
---------- Module Resource Usage Distribution Estimates (begin) ----------

+------------------------------------------+--------------+--------+------+------------+-----------------+-----------+------------------+-----------+------------------+----------+-----------------+----------+
|                inst_name                 |     xlr      |  mem   | dsp  |  xlr_lut4  | xlr_lut4_and_ff | xlr_comb4 | xlr_comb4_and_ff | xlr_adder | xlr_adder_and_ff | xlr_srl8 | xlr_srl8_and_ff |  xlr_ff  |
+------------------------------------------+--------------+--------+------+------------+-----------------+-----------+------------------+-----------+------------------+----------+-----------------+----------+
| +phase_camera_display_official_waveshare |  8620(24.5)  | 242(0) | 0(0) |  6256(15)  |    434(1.5)     |   0(0)    |       0(0)       |  535(0)   |      301(0)      |   0(0)   |      0(0)       | 1094(8)  |
|  +u_camera                               |  1217.5(1)   |  0(0)  | 0(0) |   719(1)   |    184.5(0)     |   0(0)    |       0(0)       |  152(0)   |      52(0)       |   0(0)   |      0(0)       |  110(0)  |
|   +u_dvp_capture                         |    99(99)    |  0(0)  | 0(0) |    9(9)    |     28(28)      |   0(0)    |       0(0)       |  17(17)   |       0(0)       |   0(0)   |      0(0)       |  45(45)  |
|   +u_frame_monitor                       | 258.5(258.5) |  0(0)  | 0(0) |   28(28)   |   67.5(67.5)    |   0(0)    |       0(0)       | 128(128)  |      31(31)      |   0(0)   |      0(0)       |   4(4)   |
|   +u_init_controller                     |   384(384)   |  0(0)  | 0(0) |  312(312)  |     52(52)      |   0(0)    |       0(0)       |   0(0)    |       0(0)       |   0(0)   |      0(0)       |  20(20)  |
|   +u_init_rom                            |   263(61)    |  0(0)  | 0(0) |  259(60)   |      4(1)       |   0(0)    |       0(0)       |   0(0)    |       0(0)       |   0(0)   |      0(0)       |   0(0)   |
|    +u_official_table                     |   202(202)   |  0(0)  | 0(0) |  199(199)  |      3(3)       |   0(0)    |       0(0)       |   0(0)    |       0(0)       |   0(0)   |      0(0)       |   0(0)   |
|   +u_pclk_reset_sync                     |     3(3)     |  0(0)  | 0(0) |    0(0)    |      0(0)       |   0(0)    |       0(0)       |   0(0)    |       0(0)       |   0(0)   |      0(0)       |   3(3)   |
|   +u_power_seq                           |    38(38)    |  0(0)  | 0(0) |   14(14)   |      0(0)       |   0(0)    |       0(0)       |   0(0)    |      21(21)      |   0(0)   |      0(0)       |   3(3)   |
|   +u_sccb_master                         |   168(168)   |  0(0)  | 0(0) |   96(96)   |     33(33)      |   0(0)    |       0(0)       |   7(7)    |       0(0)       |   0(0)   |      0(0)       |  32(32)  |
|   +u_sys_reset_sync                      |     3(3)     |  0(0)  | 0(0) |    0(0)    |      0(0)       |   0(0)    |       0(0)       |   0(0)    |       0(0)       |   0(0)   |      0(0)       |   3(3)   |
|  +u_edge_full_frame                      |   715(715)   |  0(0)  | 0(0) |  323(323)  |     43(43)      |   0(0)    |       0(0)       |   6(6)    |       0(0)       |   0(0)   |      0(0)       | 343(343) |
|  +u_edge_preview_2x2_or                  |   985(985)   |  0(0)  | 0(0) |  621(621)  |     25(25)      |   0(0)    |       0(0)       |  17(17)   |       0(0)       |   0(0)   |      0(0)       | 322(322) |
|  +u_fast_reset                           |     3(3)     |  0(0)  | 0(0) |    0(0)    |      0(0)       |   0(0)    |       0(0)       |   0(0)    |       0(0)       |   0(0)   |      0(0)       |   3(3)   |
|  +u_feedback_reset                       |     3(3)     |  0(0)  | 0(0) |    0(0)    |      0(0)       |   0(0)    |       0(0)       |   0(0)    |       0(0)       |   0(0)   |      0(0)       |   3(3)   |
|  +u_framebuffer                          |  559(452.5)  | 240(0) | 0(0) |  255(151)  |     62(62)      |   0(0)    |       0(0)       | 105(105)  |     98(95.5)     |   0(0)   |      0(0)       |  39(39)  |
|   +u_f0_l0                               |    73(73)    | 30(30) | 0(0) |   71(71)   |      0(0)       |   0(0)    |       0(0)       |   0(0)    |       2(2)       |   0(0)   |      0(0)       |   0(0)   |
|   +u_f0_l1                               |     0(0)     | 30(30) | 0(0) |    0(0)    |      0(0)       |   0(0)    |       0(0)       |   0(0)    |       0(0)       |   0(0)   |      0(0)       |   0(0)   |
|   +u_f0_l2                               |     0(0)     | 30(30) | 0(0) |    0(0)    |      0(0)       |   0(0)    |       0(0)       |   0(0)    |       0(0)       |   0(0)   |      0(0)       |   0(0)   |
|   +u_f0_l3                               |     0(0)     | 30(30) | 0(0) |    0(0)    |      0(0)       |   0(0)    |       0(0)       |   0(0)    |       0(0)       |   0(0)   |      0(0)       |   0(0)   |
|   +u_f1_l0                               |  33.5(33.5)  | 30(30) | 0(0) |   33(33)   |      0(0)       |   0(0)    |       0(0)       |   0(0)    |     0.5(0.5)     |   0(0)   |      0(0)       |   0(0)   |
|   +u_f1_l1                               |     0(0)     | 30(30) | 0(0) |    0(0)    |      0(0)       |   0(0)    |       0(0)       |   0(0)    |       0(0)       |   0(0)   |      0(0)       |   0(0)   |
|   +u_f1_l2                               |     0(0)     | 30(30) | 0(0) |    0(0)    |      0(0)       |   0(0)    |       0(0)       |   0(0)    |       0(0)       |   0(0)   |      0(0)       |   0(0)   |
|   +u_f1_l3                               |     0(0)     | 30(30) | 0(0) |    0(0)    |      0(0)       |   0(0)    |       0(0)       |   0(0)    |       0(0)       |   0(0)   |      0(0)       |   0(0)   |
|  +u_frame_diag_cdc                       |    29(29)    |  0(0)  | 0(0) |    1(1)    |      0(0)       |   0(0)    |       0(0)       |   0(0)    |       0(0)       |   0(0)   |      0(0)       |  28(28)  |
|  +u_gray_window_3x3                      |   294(219)   |  2(0)  | 0(0) |   44(9)    |     52(52)      |   0(0)    |       0(0)       |   9(4)    |      48(17)      |   0(0)   |      0(0)       | 141(137) |
|   +u_line_y_minus_1                      |    35(35)    |  1(1)  | 0(0) |   15(15)   |      0(0)       |   0(0)    |       0(0)       |   5(5)    |      13(13)      |   0(0)   |      0(0)       |   2(2)   |
|   +u_line_y_minus_2                      |    40(40)    |  1(1)  | 0(0) |   20(20)   |      0(0)       |   0(0)    |       0(0)       |   0(0)    |      18(18)      |   0(0)   |      0(0)       |   2(2)   |
|  +u_pixel_reset                          |     3(3)     |  0(0)  | 0(0) |    0(0)    |      0(0)       |   0(0)    |       0(0)       |   0(0)    |       0(0)       |   0(0)   |      0(0)       |   3(3)   |
|  +u_rgb565_to_gray8                      | 192.5(192.5) |  0(0)  | 0(0) |    2(2)    |    8.5(8.5)     |   0(0)    |       0(0)       |  94(94)   |      38(38)      |   0(0)   |      0(0)       |  50(50)  |
|  +u_sobel_threshold                      |   196(196)   |  0(0)  | 0(0) |   36(36)   |      3(3)       |   0(0)    |       0(0)       |  94(94)   |      24(24)      |   0(0)   |      0(0)       |  39(39)  |
|  +u_timing                               |  49.5(49.5)  |  0(0)  | 0(0) |   16(16)   |   10.5(10.5)    |   0(0)    |       0(0)       |   8(8)    |      14(14)      |   0(0)   |      0(0)       |   1(1)   |
|  +u_tmds_blue                            |  1343(1343)  |  0(0)  | 0(0) | 1304(1304) |     15(15)      |   0(0)    |       0(0)       |  20(20)   |       4(4)       |   0(0)   |      0(0)       |   0(0)   |
|  +u_tmds_green                           |  1651(1651)  |  0(0)  | 0(0) | 1601(1601) |     17(17)      |   0(0)    |       0(0)       |  18(18)   |      11(11)      |   0(0)   |      0(0)       |   4(4)   |
|  +u_tmds_red                             |  1355(1355)  |  0(0)  | 0(0) | 1319(1319) |     12(12)      |   0(0)    |       0(0)       |  12(12)   |      12(12)      |   0(0)   |      0(0)       |   0(0)   |
+------------------------------------------+--------------+--------+------+------------+-----------------+-----------+------------------+-----------+------------------+----------+-----------------+----------+

----------- Module Resource Usage Distribution Estimates (end) ----------

